RAM Allocation [bytes]
Variable                                                                          Address   Size
------------------------------------------------------------------------------------------------
time_string                                                                       0x0184       2
car_string                                                                        0x0186       2
flag                                                                              0x0188       1
_base_y                                                                           0x0189       4
_lcd_x                                                                            0x018D       1
_lcd_y                                                                            0x018E       1
_lcd_maxx                                                                         0x018F       1

EEPROM Allocation [bytes]
Variable                                                                          Address   Size
------------------------------------------------------------------------------------------------

Register Allocation
Variable                                                                          Register  Size
------------------------------------------------------------------------------------------------
hour                                                                              R4,R5        2
min                                                                               R6,R7        2
sec                                                                               R8,R9        2
ms                                                                                R10,R11      2
car_num                                                                           R12,R13      2

FLASH Allocation [words]
Function                                                                          Address   Size
------------------------------------------------------------------------------------------------
main                                                                              0x000A5      3
init_ports                                                                        0x000A8     14
init_timers                                                                       0x000B6     25
init_intrupts                                                                     0x000CF     19
init_all                                                                          0x000E2     15
one                                                                               0x000F1     37
two                                                                               0x00116     32
ext_int0_isr                                                                      0x00136     35
ext_int1_isr                                                                      0x00159     32
timer1_ovf_isr                                                                    0x00179     60
_lcd_write_nibble_G100                                                            0x001B5     20
_lcd_write_data                                                                   0x001C9     12
lcd_gotoxy                                                                        0x001D5     17
lcd_clear                                                                         0x001E6     14
lcd_putchar                                                                       0x001F4     32
lcd_puts                                                                          0x00214     17
lcd_init                                                                          0x00225     47
put_buff_G101                                                                     0x00254     64
_print_G101                                                                       0x00294    308
sprintf                                                                           0x003C8     52
strlen                                                                            0x003FC     12
strlenf                                                                           0x00408     13
