RAM Allocation [bytes]
Variable                                                                          Address   Size
------------------------------------------------------------------------------------------------
save_mv                                                                           0x0192      16
flag                                                                              0x01A2       2
adc_data                                                                          0x01A4      16
input_index                                                                       0x01B4       1
_seed                                                                             0x01B5       4
_base_y                                                                           0x01B9       4
_lcd_x                                                                            0x01BD       1
_lcd_y                                                                            0x01BE       1
_lcd_maxx                                                                         0x01BF       1

EEPROM Allocation [bytes]
Variable                                                                          Address   Size
------------------------------------------------------------------------------------------------

Register Allocation
Variable                                                                          Register  Size
------------------------------------------------------------------------------------------------
str                                                                               R4,R5        2
i                                                                                 R6,R7        2
mili_volt                                                                         R8,R9        2
duty                                                                              R10,R11      2
ocr_tmp                                                                           R12,R13      2

FLASH Allocation [words]
Function                                                                          Address   Size
------------------------------------------------------------------------------------------------
main                                                                              0x000B3      6
adc_isr                                                                           0x000B9     46
read_adc                                                                          0x000E7     15
port_init                                                                         0x000F6     14
intrupts_and_timers                                                               0x00104     10
init_all                                                                          0x0010E      6
one                                                                               0x00114     36
q_2_init                                                                          0x00138      8
two                                                                               0x00140     93
three                                                                             0x0019D     81
put_buff_G100                                                                     0x001EE     64
_print_G100                                                                       0x0022E    308
sprintf                                                                           0x00362     52
strlen                                                                            0x00396     12
strlenf                                                                           0x003A2     13
_lcd_write_nibble_G103                                                            0x003AF     20
_lcd_write_data                                                                   0x003C3     12
lcd_gotoxy                                                                        0x003CF     17
lcd_clear                                                                         0x003E0     14
lcd_putchar                                                                       0x003EE     32
lcd_puts                                                                          0x0040E     17
lcd_init                                                                          0x0041F     47
