RAM Allocation [bytes]
Variable                                                                          Address   Size
------------------------------------------------------------------------------------------------
num                                                                               0x0160      10
A                                                                                 0x016A       4

EEPROM Allocation [bytes]
Variable                                                                          Address   Size
------------------------------------------------------------------------------------------------

Register Allocation
Variable                                                                          Register  Size
------------------------------------------------------------------------------------------------
tmp                                                                               R4,R5        2
reset                                                                             R6,R7        2
i                                                                                 R9           1

FLASH Allocation [words]
Function                                                                          Address   Size
------------------------------------------------------------------------------------------------
one                                                                               0x00060     11
two                                                                               0x0006B     17
three                                                                             0x0007C      4
four                                                                              0x00080     33
five                                                                              0x000A1     28
six                                                                               0x000BD     74
main                                                                              0x00107     15
