RAM Allocation [bytes]
Variable                                                                          Address   Size
------------------------------------------------------------------------------------------------
rx_buffer                                                                         0x019F       8
rx_wr_index                                                                       0x01A7       1
rx_rd_index                                                                       0x01A8       1
rx_counter                                                                        0x01A9       1
tx_buffer                                                                         0x01AA       8
tx_wr_index                                                                       0x01B2       1
tx_rd_index                                                                       0x01B3       1
tx_counter                                                                        0x01B4       1
_base_y                                                                           0x01B5       4
_lcd_x                                                                            0x01B9       1
_lcd_y                                                                            0x01BA       1
_lcd_maxx                                                                         0x01BB       1

EEPROM Allocation [bytes]
Variable                                                                          Address   Size
------------------------------------------------------------------------------------------------

Register Allocation
Variable                                                                          Register  Size
------------------------------------------------------------------------------------------------
tmp                                                                               R4,R5        2
str                                                                               R6,R7        2
flag_3                                                                            R9           1
num                                                                               R10,R11      2
index                                                                             R12,R13      2
data_four                                                                         R8           1
rx_buffer_overflow                                                                R2.0      1bit

FLASH Allocation [words]
Function                                                                          Address   Size
------------------------------------------------------------------------------------------------
main                                                                              0x00116     23
usart_rx_isr                                                                      0x0012D    204
getchar                                                                           0x001F9     32
usart_tx_isr                                                                      0x00219     36
putchar                                                                           0x0023D     41
port_init                                                                         0x00266     10
usart_init                                                                        0x00270     11
init_all                                                                          0x0027B      6
one                                                                               0x00281    141
two                                                                               0x0030E     42
three                                                                             0x00338      8
four_read                                                                         0x00340    142
put_usart_G100                                                                    0x003E1     10
put_buff_G100                                                                     0x003EB     57
_print_G100                                                                       0x00424    308
sprintf                                                                           0x00558     46
printf                                                                            0x00586     31
get_usart_G100                                                                    0x005A5     12
get_buff_G100                                                                     0x005B1     34
_scanf_G100                                                                       0x005D3    322
sscanf                                                                            0x00715     28
scanf                                                                             0x00731     29
_lcd_write_nibble_G101                                                            0x0074E     20
_lcd_write_data                                                                   0x00762     12
lcd_gotoxy                                                                        0x0076E     17
lcd_clear                                                                         0x0077F     14
lcd_putchar                                                                       0x0078D     32
lcd_puts                                                                          0x007AD     17
lcd_init                                                                          0x007BE     47
strlen                                                                            0x007ED     12
strlenf                                                                           0x007F9     13
isdigit                                                                           0x00806      9
isspace                                                                           0x0080F     11
isxdigit                                                                          0x0081A     15
